// Vitest Snapshot v1, https://vitest.dev/guide/snapshot.html

exports[`button > color > should render with .is-link class by default 1`] = `"<button type="button" class="button is-link">[[label]]</button>"`;

exports[`button > color > should render with passed css class 1`] = `"<button type="button" class="button is-success">[[label]]</button>"`;

exports[`button > label > should render a default label with bracket 1`] = `"<button type="button" class="button is-link">[[label]]</button>"`;

exports[`button > label > should render passed label 1`] = `"<button type="button" class="button is-link">label</button>"`;

exports[`button > should render with .button class 1`] = `"<button type="button" class="button is-link">[[label]]</button>"`;

exports[`button > state > should render as disabled 1`] = `"<button type="button" disabled="" class="button is-link">[[label]]</button>"`;

exports[`button > state > should render as loading 1`] = `"<button type="button" disabled="" class="button is-link is-loading">[[label]]</button>"`;
